// Jest Snapshot v1, https://goo.gl/fbAQLP

exports[`board addEntity adds an living cell to the board 1`] = `
"...
.#.
...
"
`;

exports[`board show generates a string display of the board 1`] = `
"....
....
....
"
`;
